[0.103s] Invoking command in '/home/fouadroboticist/ros2_ws/src/Mobile-Manipulator-Robot/src/build/robot_description': CMAKE_PREFIX_PATH=/opt/ros/humble /usr/bin/cmake /home/fouadroboticist/ros2_ws/src/Mobile-Manipulator-Robot/src/robot_description -DCMAKE_INSTALL_PREFIX=/home/fouadroboticist/ros2_ws/src/Mobile-Manipulator-Robot/src/install/robot_description
[0.700s] -- The C compiler identification is GNU 11.4.0
[1.133s] -- The CXX compiler identification is GNU 11.4.0
[1.370s] -- Detecting C compiler ABI info
[1.550s] -- Detecting C compiler ABI info - done
[1.566s] -- Check for working C compiler: /usr/bin/cc - skipped
[1.567s] -- Detecting C compile features
[1.567s] -- Detecting C compile features - done
[1.573s] -- Detecting CXX compiler ABI info
[1.759s] -- Detecting CXX compiler ABI info - done
[1.776s] -- Check for working CXX compiler: /usr/bin/c++ - skipped
[1.776s] -- Detecting CXX compile features
[1.777s] -- Detecting CXX compile features - done
[1.823s] -- Found ament_cmake: 1.3.11 (/opt/ros/humble/share/ament_cmake/cmake)
[2.093s] -- Found Python3: /usr/bin/python3 (found version "3.10.12") found components: Interpreter 
[2.406s] -- Found rclcpp: 16.0.11 (/opt/ros/humble/share/rclcpp/cmake)
[3.600s] -- Found rosidl_generator_c: 3.1.6 (/opt/ros/humble/share/rosidl_generator_c/cmake)
[3.609s] -- Found rosidl_adapter: 3.1.6 (/opt/ros/humble/share/rosidl_adapter/cmake)
[3.627s] -- Found rosidl_generator_cpp: 3.1.6 (/opt/ros/humble/share/rosidl_generator_cpp/cmake)
[3.662s] -- Using all available rosidl_typesupport_c: rosidl_typesupport_fastrtps_c;rosidl_typesupport_introspection_c
[3.698s] -- Using all available rosidl_typesupport_cpp: rosidl_typesupport_fastrtps_cpp;rosidl_typesupport_introspection_cpp
[3.797s] -- Found rmw_implementation_cmake: 6.1.2 (/opt/ros/humble/share/rmw_implementation_cmake/cmake)
[3.802s] -- Found rmw_fastrtps_cpp: 6.2.7 (/opt/ros/humble/share/rmw_fastrtps_cpp/cmake)
[4.616s] -- Found OpenSSL: /usr/lib/x86_64-linux-gnu/libcrypto.so (found version "3.0.2")  
[5.315s] -- Found FastRTPS: /opt/ros/humble/include  
[7.028s] -- Using RMW implementation 'rmw_fastrtps_cpp' as default
[7.050s] -- Looking for pthread.h
[7.243s] -- Looking for pthread.h - found
[7.244s] -- Performing Test CMAKE_HAVE_LIBC_PTHREAD
[7.397s] -- Performing Test CMAKE_HAVE_LIBC_PTHREAD - Success
[7.398s] -- Found Threads: TRUE  
[7.554s] -- Found ament_lint_auto: 0.12.11 (/opt/ros/humble/share/ament_lint_auto/cmake)
[7.684s] -- Added test 'flake8' to check Python code syntax and style conventions
[7.686s] -- Added test 'lint_cmake' to check CMake code style
[7.687s] -- Added test 'pep257' to check Python code against some of the docstring style conventions in PEP 257
[7.689s] -- Added test 'xmllint' to check XML markup files
[7.691s] -- Configuring done
[7.699s] -- Generating done
[7.703s] -- Build files have been written to: /home/fouadroboticist/ros2_ws/src/Mobile-Manipulator-Robot/src/build/robot_description
