[0.088s] Invoking command in '/home/fouadroboticist/ros2_ws/src/Mobile-Manipulator-Robot/src/build/my_robot_control': CMAKE_PREFIX_PATH=/opt/ros/humble /usr/bin/cmake /home/fouadroboticist/ros2_ws/src/Mobile-Manipulator-Robot/src/my_robot_control -DCMAKE_INSTALL_PREFIX=/home/fouadroboticist/ros2_ws/src/Mobile-Manipulator-Robot/src/install/my_robot_control
[0.699s] -- The C compiler identification is GNU 11.4.0
[1.137s] -- The CXX compiler identification is GNU 11.4.0
[1.413s] -- Detecting C compiler ABI info
[1.580s] -- Detecting C compiler ABI info - done
[1.594s] -- Check for working C compiler: /usr/bin/cc - skipped
[1.595s] -- Detecting C compile features
[1.596s] -- Detecting C compile features - done
[1.603s] -- Detecting CXX compiler ABI info
[1.764s] -- Detecting CXX compiler ABI info - done
[1.784s] -- Check for working CXX compiler: /usr/bin/c++ - skipped
[1.784s] -- Detecting CXX compile features
[1.785s] -- Detecting CXX compile features - done
[1.828s] -- Found ament_cmake: 1.3.11 (/opt/ros/humble/share/ament_cmake/cmake)
[2.093s] -- Found Python3: /usr/bin/python3 (found version "3.10.12") found components: Interpreter 
[2.411s] -- Found rclcpp: 16.0.11 (/opt/ros/humble/share/rclcpp/cmake)
[3.605s] -- Found rosidl_generator_c: 3.1.6 (/opt/ros/humble/share/rosidl_generator_c/cmake)
[3.615s] -- Found rosidl_adapter: 3.1.6 (/opt/ros/humble/share/rosidl_adapter/cmake)
[3.633s] -- Found rosidl_generator_cpp: 3.1.6 (/opt/ros/humble/share/rosidl_generator_cpp/cmake)
[3.668s] -- Using all available rosidl_typesupport_c: rosidl_typesupport_fastrtps_c;rosidl_typesupport_introspection_c
[3.703s] -- Using all available rosidl_typesupport_cpp: rosidl_typesupport_fastrtps_cpp;rosidl_typesupport_introspection_cpp
[3.802s] -- Found rmw_implementation_cmake: 6.1.2 (/opt/ros/humble/share/rmw_implementation_cmake/cmake)
[3.807s] -- Found rmw_fastrtps_cpp: 6.2.7 (/opt/ros/humble/share/rmw_fastrtps_cpp/cmake)
[4.621s] -- Found OpenSSL: /usr/lib/x86_64-linux-gnu/libcrypto.so (found version "3.0.2")  
[5.321s] -- Found FastRTPS: /opt/ros/humble/include  
[7.794s] -- Using RMW implementation 'rmw_fastrtps_cpp' as default
[7.801s] -- Looking for pthread.h
[7.948s] -- Looking for pthread.h - found
[7.948s] -- Performing Test CMAKE_HAVE_LIBC_PTHREAD
[8.073s] -- Performing Test CMAKE_HAVE_LIBC_PTHREAD - Success
[8.075s] -- Found Threads: TRUE  
[8.205s] -- Configuring done
[8.214s] -- Generating done
[8.218s] -- Build files have been written to: /home/fouadroboticist/ros2_ws/src/Mobile-Manipulator-Robot/src/build/my_robot_control
