[0.082s] Invoking command in '/home/fouadroboticist/ros2_ws/src/Mobile-Manipulator-Robot/src/build/my_custom_pkg': CMAKE_PREFIX_PATH=/opt/ros/humble /usr/bin/cmake /home/fouadroboticist/ros2_ws/src/Mobile-Manipulator-Robot/src/my_custom_pkg -DCMAKE_INSTALL_PREFIX=/home/fouadroboticist/ros2_ws/src/Mobile-Manipulator-Robot/src/install/my_custom_pkg
[0.709s] -- The C compiler identification is GNU 11.4.0
[1.154s] -- The CXX compiler identification is GNU 11.4.0
[1.376s] -- Detecting C compiler ABI info
[1.570s] -- Detecting C compiler ABI info - done
[1.583s] -- Check for working C compiler: /usr/bin/cc - skipped
[1.584s] -- Detecting C compile features
[1.586s] -- Detecting C compile features - done
[1.594s] -- Detecting CXX compiler ABI info
[1.788s] -- Detecting CXX compiler ABI info - done
[1.798s] -- Check for working CXX compiler: /usr/bin/c++ - skipped
[1.799s] -- Detecting CXX compile features
[1.800s] -- Detecting CXX compile features - done
[1.843s] -- Found ament_cmake: 1.3.11 (/opt/ros/humble/share/ament_cmake/cmake)
[2.109s] -- Found Python3: /usr/bin/python3 (found version "3.10.12") found components: Interpreter 
[2.426s] -- Found rclcpp: 16.0.11 (/opt/ros/humble/share/rclcpp/cmake)
[3.620s] -- Found rosidl_generator_c: 3.1.6 (/opt/ros/humble/share/rosidl_generator_c/cmake)
[3.630s] -- Found rosidl_adapter: 3.1.6 (/opt/ros/humble/share/rosidl_adapter/cmake)
[3.648s] -- Found rosidl_generator_cpp: 3.1.6 (/opt/ros/humble/share/rosidl_generator_cpp/cmake)
[3.683s] -- Using all available rosidl_typesupport_c: rosidl_typesupport_fastrtps_c;rosidl_typesupport_introspection_c
[3.717s] -- Using all available rosidl_typesupport_cpp: rosidl_typesupport_fastrtps_cpp;rosidl_typesupport_introspection_cpp
[3.816s] -- Found rmw_implementation_cmake: 6.1.2 (/opt/ros/humble/share/rmw_implementation_cmake/cmake)
[3.822s] -- Found rmw_fastrtps_cpp: 6.2.7 (/opt/ros/humble/share/rmw_fastrtps_cpp/cmake)
[5.160s] -- Found OpenSSL: /usr/lib/x86_64-linux-gnu/libcrypto.so (found version "3.0.2")  
[6.095s] -- Found FastRTPS: /opt/ros/humble/include  
[8.389s] -- Using RMW implementation 'rmw_fastrtps_cpp' as default
[8.396s] -- Looking for pthread.h
[8.552s] -- Looking for pthread.h - found
[8.552s] -- Performing Test CMAKE_HAVE_LIBC_PTHREAD
[8.725s] -- Performing Test CMAKE_HAVE_LIBC_PTHREAD - Success
[8.727s] -- Found Threads: TRUE  
[8.792s] -- Found rclpy: 3.3.15 (/opt/ros/humble/share/rclpy/cmake)
[8.795s] -- Found rclcpp_components: 16.0.11 (/opt/ros/humble/share/rclcpp_components/cmake)
[9.033s] -- Configuring done
[9.048s] -- Generating done
[9.054s] -- Build files have been written to: /home/fouadroboticist/ros2_ws/src/Mobile-Manipulator-Robot/src/build/my_custom_pkg
