[0.089s] Invoking command in '/home/fouadroboticist/ros2_ws/src/Mobile-Manipulator-Robot/src/build/my_robot_interfaces': CMAKE_PREFIX_PATH=/opt/ros/humble /usr/bin/cmake /home/fouadroboticist/ros2_ws/src/Mobile-Manipulator-Robot/src/my_robot_interfaces -DCMAKE_INSTALL_PREFIX=/home/fouadroboticist/ros2_ws/src/Mobile-Manipulator-Robot/src/install/my_robot_interfaces
[0.726s] -- The C compiler identification is GNU 11.4.0
[1.178s] -- The CXX compiler identification is GNU 11.4.0
[1.524s] -- Detecting C compiler ABI info
[1.752s] -- Detecting C compiler ABI info - done
[1.761s] -- Check for working C compiler: /usr/bin/cc - skipped
[1.762s] -- Detecting C compile features
[1.763s] -- Detecting C compile features - done
[1.767s] -- Detecting CXX compiler ABI info
[1.989s] -- Detecting CXX compiler ABI info - done
[2.002s] -- Check for working CXX compiler: /usr/bin/c++ - skipped
[2.003s] -- Detecting CXX compile features
[2.004s] -- Detecting CXX compile features - done
[2.007s] -- Found ament_cmake: 1.3.11 (/opt/ros/humble/share/ament_cmake/cmake)
[2.251s] -- Found Python3: /usr/bin/python3 (found version "3.10.12") found components: Interpreter 
[2.448s] -- Found geometry_msgs: 4.2.4 (/opt/ros/humble/share/geometry_msgs/cmake)
[3.645s] -- Found rosidl_generator_c: 3.1.6 (/opt/ros/humble/share/rosidl_generator_c/cmake)
[3.655s] -- Found rosidl_adapter: 3.1.6 (/opt/ros/humble/share/rosidl_adapter/cmake)
[3.673s] -- Found rosidl_generator_cpp: 3.1.6 (/opt/ros/humble/share/rosidl_generator_cpp/cmake)
[3.708s] -- Using all available rosidl_typesupport_c: rosidl_typesupport_fastrtps_c;rosidl_typesupport_introspection_c
[3.742s] -- Using all available rosidl_typesupport_cpp: rosidl_typesupport_fastrtps_cpp;rosidl_typesupport_introspection_cpp
[3.831s] -- Found rosidl_default_generators: 1.2.0 (/opt/ros/humble/share/rosidl_default_generators/cmake)
[4.343s] -- Found ament_cmake_ros: 0.10.0 (/opt/ros/humble/share/ament_cmake_ros/cmake)
[4.977s] -- Using all available rosidl_typesupport_c: rosidl_typesupport_fastrtps_c;rosidl_typesupport_introspection_c
[5.199s] -- Using all available rosidl_typesupport_cpp: rosidl_typesupport_fastrtps_cpp;rosidl_typesupport_introspection_cpp
[5.332s] -- Found PythonInterp: /usr/bin/python3 (found suitable version "3.10.12", minimum required is "3.6") 
[5.335s] -- Found python_cmake_module: 0.10.0 (/opt/ros/humble/share/python_cmake_module/cmake)
[5.731s] -- Found PythonLibs: /usr/lib/x86_64-linux-gnu/libpython3.10.so (found suitable version "3.10.12", minimum required is "3.5") 
[5.731s] -- Using PYTHON_EXECUTABLE: /usr/bin/python3
[5.731s] -- Using PYTHON_INCLUDE_DIRS: /usr/include/python3.10
[5.731s] -- Using PYTHON_LIBRARIES: /usr/lib/x86_64-linux-gnu/libpython3.10.so
[5.757s] -- Found PythonExtra: .so  
[5.893s] -- Configuring done
[5.982s] -- Generating done
[6.003s] -- Build files have been written to: /home/fouadroboticist/ros2_ws/src/Mobile-Manipulator-Robot/src/build/my_robot_interfaces
